// Jest Snapshot v1, https://goo.gl/fbAQLP

exports[`renders App 1`] = `
<div>
  <h1>
    Connect
  </h1>
  <div>
    <label
      for="username"
    >
      Host:
    </label>
    <input
      id="username"
      value="http://github.com/only-chat/ws"
    />
  </div>
  <button>
    Connect
  </button>
</div>
`;
